INFO:  ANSI Code Page: 936
INFO:  latexindent.exe version 3.24.7, 2025-08-15, a script to indent .tex files
       latexindent.exe lives here: D:/Software/texlive/2026/bin/windows/
       Mon Sep 21 12:36:31 2026
       Filename: d:/Desktop/数学学习/可积系统Riemann-Hilbert 方法/__latexindent_temp_elegantbook.cls
INFO:  Processing switches:
       -y|--yaml: YAML settings specified via command line
       -c|--cruft: cruft directory
INFO:  Directory for backup files and log file d:\Desktop\数学学习\可积系统Riemann-Hilbert 方法\indent.log:
       d:\Desktop\数学学习\可积系统Riemann-Hilbert 方法\
INFO:  YAML settings read: defaultSettings.yaml
       Reading defaultSettings.yaml from D:/Software/texlive/2026/bin/windows/defaultSettings.yaml
       Reading defaultSettings.yaml (2nd attempt) from D:/Software/texlive/2026/bin/windows/../../texmf-dist/scripts/latexindent/defaultSettings.yaml
       and then, if necessary, D:/Software/texlive/2026/bin/windows/LatexIndent/defaultSettings.yaml
INFO:  YAML reading settings
       Home directory is C:\Users\m1881
       latexindent.pl didn't find indentconfig.yaml or .indentconfig.yaml
       see all possible locations: https://latexindentpl.readthedocs.io/en/latest/sec-appendices.html#indentconfig-options)
INFO:  YAML settings read: -y switch
       YAML setting: defaultIndent:'  '
       single-quoted string found in -y switch: '  ', substitute to   
       Updating mainSettings with defaultIndent:   
INFO:  Phase 1: searching for objects
INFO:  Phase 2: finding surrounding indentation
INFO:  Phase 3: indenting objects
INFO:  Phase 4: final indentation check
INFO:  Output routine:
       Not outputting to file; see -w and -o switches for more options.
       --------------
INFO:  Please direct all communication/issues to:
        https://github.com/cmhughes/latexindent.pl
